[backblue.gif]
[fade.gif]
[index.html]
[themes.khaitawng.com/Homane/images/profile-image.jpg]
[themes.khaitawng.com/Homane/images/work-image1.jpg]
[themes.khaitawng.com/Homane/images/work-image2.jpg]
[themes.khaitawng.com/Homane/images/work-image3.jpg]
[themes.khaitawng.com/Homane/images/work-image4.jpg]
[themes.khaitawng.com/Homane/images/work-image5.jpg]
[themes.khaitawng.com/Homane/images/work-image6.jpg]
[themes.khaitawng.com/Homane/index.html]
[themes.khaitawng.com/Homane/css/bootstrap.min.css]
[themes.khaitawng.com/Homane/css/animate.css]
[themes.khaitawng.com/Homane/css/magnific-popup.css]
[themes.khaitawng.com/Homane/fonts/fontawesome-webfont3e6e.eot]
[themes.khaitawng.com/Homane/fonts/fontawesome-webfontd41d.eot]
[themes.khaitawng.com/Homane/fonts/fontawesome-webfont3e6e.woff2]
[themes.khaitawng.com/Homane/fonts/fontawesome-webfont3e6e.woff]
[themes.khaitawng.com/Homane/fonts/fontawesome-webfont3e6e.ttf]
[themes.khaitawng.com/Homane/fonts/fontawesome-webfont3e6e.svg]
[themes.khaitawng.com/Homane/css/font-awesome.min.css]
[themes.khaitawng.com/Homane/css/style.css]
[themes.khaitawng.com/Homane/js/jquery.js]
[themes.khaitawng.com/Homane/js/bootstrap.min.js]
[themes.khaitawng.com/Homane/js/jquery.backstretch.min.js]
[themes.khaitawng.com/Homane/js/smoothscroll.js]
[themes.khaitawng.com/Homane/js/jquery.magnific-popup.min.js]
[themes.khaitawng.com/Homane/js/magnific-popup-options.js]
[themes.khaitawng.com/Homane/js/wow.min.js]
[themes.khaitawng.com/Homane/images/home-bg-slideshow-image2.jpg]
[themes.khaitawng.com/Homane/js/custom.js]
[themes.khaitawng.com/Homane/fonts/glyphicons-halflings-regular.html]
[themes.khaitawng.com/Homane/fonts/glyphicons-halflings-regulard41d.html]
[themes.khaitawng.com/Homane/fonts/glyphicons-halflings-regular-2.html]
[themes.khaitawng.com/Homane/fonts/glyphicons-halflings-regular-3.html]
[themes.khaitawng.com/Homane/fonts/glyphicons-halflings-regular-4.html]
[themes.khaitawng.com/Homane/fonts/glyphicons-halflings-regular-5.html]
[themes.khaitawng.com/Homane/Popover requires tooltip.html]
